GAMS 50.1.0  12b75dde Jun 18, 2025          WEX-WEI x86 64bit/MS Windows - 08/09/25 18:12:23 Page 1
G e n e r a l   A l g e b r a i c   M o d e l i n g   S y s t e m
C o m p i l a t i o n


   1  Set
   2      p /carlos, ana, luis, sofia, denis/
   3      t /t1*t12/
   4      w /1,2,3,5,8,13/;
   5   
   6  Binary Variable
   7      x(p,t);
   8   
   9  Positive Variable
  10      carga(p)
  11      pt(t)    "peso fijo de la tarea t"
  12      z(p,t);
  13   
  14  Variable
  15      obj;
  16   
  17  Parameter
  18      esSenior(p) /carlos 1, ana 0, luis 0, sofia 1, denis 1/
  19      M /20/
  20      peso(t);
  21   
  22  * --- Definición de pesos según Caso A ---
  23  Table pesoTabla(t,*)
  24         valor
  25      t1   13
  26      t2    8
  27      t3   13
  28      t4    8
  29      t5   13
  30      t6    5
  31      t7    8
  32      t8    8
  33      t9   13
  34      t10   3
  35      t11   2
  36      t12   2;
  37   
  38  * Cargamos valores desde la tabla
  39  peso(t) = pesoTabla(t,"valor");
  40   
  41  Equation
  42      objetivo
  43      unaPersonaPorTarea(t)
  44      cargaPersona(p)
  45      cargaMinima(p)
  46      cargaMinEquipo
  47      cargaMaxEquipo
  48      definicionPesoTarea(t)
  49      z_def1(p,t)
  50      z_def2(p,t)
  51      z_def3(p,t);
  52   
  53  objetivo..
  54      obj =e= sum((p,t), z(p,t));
  55   
  56  unaPersonaPorTarea(t)..
  57      sum(p, x(p,t)) =e= 1;
  58   
  59  definicionPesoTarea(t)..
  60      pt(t) =e= peso(t);
  61   
  62  cargaPersona(p)..
  63      carga(p) =e= sum(t, z(p,t));
  64   
  65  cargaMinima(p)..
  66      carga(p) =g= 18 * esSenior(p) + 13 * (1 - esSenior(p));
  67   
  68  cargaMinEquipo..
  69      sum(t, pt(t)) =g= 80;
  70   
  71  cargaMaxEquipo..
  72      sum(t, pt(t)) =l= 96;
  73   
  74  z_def1(p,t)..
  75      z(p,t) =l= pt(t);
  76   
  77  z_def2(p,t)..
  78      z(p,t) =l= M * x(p,t);
  79   
  80  z_def3(p,t)..
  81      z(p,t) =g= pt(t) - M * (1 - x(p,t));
  82   
  83  Model asignacionScrum /all/;
  84   
  85  Solve asignacionScrum using mip maximizing obj;
  86   
  87  Display x.l, carga.l, pt.l, z.l, obj.l;
  88   
  89  file tabla /'distribucion.txt'/;
  90  put tabla;
  91  put 'Distribución de tareas por persona:' /;
  92  put 'Persona':12, 'Tarea':8, 'Peso':6, 'Asignado':10 /;
  93  loop((p,t),
  94      if(x.l(p,t) = 1,
  95          put p.tl:12, t.tl:8, peso(t):6:0, 'Sí':10 /;
  96      );
  97  );
  98   
  99  put / 'Carga total por persona:' /;
 100  loop(p,
 101      put p.tl:12, carga.l(p):8:2 /;
 102  );


COMPILATION TIME     =        0.000 SECONDS      3 MB  50.1.0 12b75dde WEX-WEI
GAMS 50.1.0  12b75dde Jun 18, 2025          WEX-WEI x86 64bit/MS Windows - 08/09/25 18:12:23 Page 2
G e n e r a l   A l g e b r a i c   M o d e l i n g   S y s t e m
Equation Listing    SOLVE asignacionScrum Using MIP From line 85


---- objetivo  =E=  

objetivo..  - z(carlos,t1) - z(carlos,t2) - z(carlos,t3) - z(carlos,t4) - z(carlos,t5) - z(carlos,t6) - z(carlos,t7) - z(carlos,t8) - z(carlos,t9) - z(carlos,t10) - z(carlos,t11) - z(carlos,t12) - z(ana,t1) - z(ana,t2) - z(ana,t3) - z(ana,t4) - z(ana,t5) - z(ana,t6) - z(ana,t7) - z(ana,t8) - z(ana,t9) - z(ana,t10) - z(ana,t11) - z(ana,t12) - z(luis,t1) - z(luis,t2) - z(luis,t3) - z(luis,t4) - z(luis,t5) - z(luis,t6) - z(luis,t7) - z(luis,t8) - z(luis,t9) - z(luis,t10) - z(luis,t11) - z(luis,t12) - z(sofia,t1) - z(sofia,t2) - z(sofia,t3) - z(sofia,t4) - z(sofia,t5) - z(sofia,t6) - z(sofia,t7) - z(sofia,t8) - z(sofia,t9) - z(sofia,t10) - z(sofia,t11) - z(sofia,t12) - z(denis,t1) - z(denis,t2) - z(denis,t3) - z(denis,t4) - z(denis,t5) - z(denis,t6) - z(denis,t7) - z(denis,t8) - z(denis,t9) - z(denis,t10) - z(denis,t11) - z(denis,t12) + obj =E= 0 ; (LHS = 0)
     

---- unaPersonaPorTarea  =E=  

unaPersonaPorTarea(t1)..  x(carlos,t1) + x(ana,t1) + x(luis,t1) + x(sofia,t1) + x(denis,t1) =E= 1 ; (LHS = 0, INFES = 1 ****)
     
unaPersonaPorTarea(t2)..  x(carlos,t2) + x(ana,t2) + x(luis,t2) + x(sofia,t2) + x(denis,t2) =E= 1 ; (LHS = 0, INFES = 1 ****)
     
unaPersonaPorTarea(t3)..  x(carlos,t3) + x(ana,t3) + x(luis,t3) + x(sofia,t3) + x(denis,t3) =E= 1 ; (LHS = 0, INFES = 1 ****)
     
REMAINING 9 ENTRIES SKIPPED


---- cargaPersona  =E=  

cargaPersona(carlos)..  carga(carlos) - z(carlos,t1) - z(carlos,t2) - z(carlos,t3) - z(carlos,t4) - z(carlos,t5) - z(carlos,t6) - z(carlos,t7) - z(carlos,t8) - z(carlos,t9) - z(carlos,t10) - z(carlos,t11) - z(carlos,t12) =E= 0 ; (LHS = 0)
     
cargaPersona(ana)..  carga(ana) - z(ana,t1) - z(ana,t2) - z(ana,t3) - z(ana,t4) - z(ana,t5) - z(ana,t6) - z(ana,t7) - z(ana,t8) - z(ana,t9) - z(ana,t10) - z(ana,t11) - z(ana,t12) =E= 0 ; (LHS = 0)
     
cargaPersona(luis)..  carga(luis) - z(luis,t1) - z(luis,t2) - z(luis,t3) - z(luis,t4) - z(luis,t5) - z(luis,t6) - z(luis,t7) - z(luis,t8) - z(luis,t9) - z(luis,t10) - z(luis,t11) - z(luis,t12) =E= 0 ; (LHS = 0)
     
REMAINING 2 ENTRIES SKIPPED


---- cargaMinima  =G=  

cargaMinima(carlos)..  carga(carlos) =G= 18 ; (LHS = 0, INFES = 18 ****)
     
cargaMinima(ana)..  carga(ana) =G= 13 ; (LHS = 0, INFES = 13 ****)
     
cargaMinima(luis)..  carga(luis) =G= 13 ; (LHS = 0, INFES = 13 ****)
     
REMAINING 2 ENTRIES SKIPPED


---- cargaMinEquipo  =G=  

cargaMinEquipo..  pt(t1) + pt(t2) + pt(t3) + pt(t4) + pt(t5) + pt(t6) + pt(t7) + pt(t8) + pt(t9) + pt(t10) + pt(t11) + pt(t12) =G= 80 ; (LHS = 0, INFES = 80 ****)
     

---- cargaMaxEquipo  =L=  

cargaMaxEquipo..  pt(t1) + pt(t2) + pt(t3) + pt(t4) + pt(t5) + pt(t6) + pt(t7) + pt(t8) + pt(t9) + pt(t10) + pt(t11) + pt(t12) =L= 96 ; (LHS = 0)
     

---- definicionPesoTarea  =E=  

definicionPesoTarea(t1)..  pt(t1) =E= 13 ; (LHS = 0, INFES = 13 ****)
     
definicionPesoTarea(t2)..  pt(t2) =E= 8 ; (LHS = 0, INFES = 8 ****)
     
definicionPesoTarea(t3)..  pt(t3) =E= 13 ; (LHS = 0, INFES = 13 ****)
     
REMAINING 9 ENTRIES SKIPPED


---- z_def1  =L=  

z_def1(carlos,t1)..  - pt(t1) + z(carlos,t1) =L= 0 ; (LHS = 0)
     
z_def1(carlos,t2)..  - pt(t2) + z(carlos,t2) =L= 0 ; (LHS = 0)
     
z_def1(carlos,t3)..  - pt(t3) + z(carlos,t3) =L= 0 ; (LHS = 0)
     
REMAINING 57 ENTRIES SKIPPED


---- z_def2  =L=  

z_def2(carlos,t1)..  - 20*x(carlos,t1) + z(carlos,t1) =L= 0 ; (LHS = 0)
     
z_def2(carlos,t2)..  - 20*x(carlos,t2) + z(carlos,t2) =L= 0 ; (LHS = 0)
     
z_def2(carlos,t3)..  - 20*x(carlos,t3) + z(carlos,t3) =L= 0 ; (LHS = 0)
     
REMAINING 57 ENTRIES SKIPPED


---- z_def3  =G=  

z_def3(carlos,t1)..  - 20*x(carlos,t1) - pt(t1) + z(carlos,t1) =G= -20 ; (LHS = 0)
     
z_def3(carlos,t2)..  - 20*x(carlos,t2) - pt(t2) + z(carlos,t2) =G= -20 ; (LHS = 0)
     
z_def3(carlos,t3)..  - 20*x(carlos,t3) - pt(t3) + z(carlos,t3) =G= -20 ; (LHS = 0)
     
REMAINING 57 ENTRIES SKIPPED

GAMS 50.1.0  12b75dde Jun 18, 2025          WEX-WEI x86 64bit/MS Windows - 08/09/25 18:12:23 Page 3
G e n e r a l   A l g e b r a i c   M o d e l i n g   S y s t e m
Column Listing      SOLVE asignacionScrum Using MIP From line 85


---- x  

x(carlos,t1)
                (.LO, .L, .UP, .M = 0, 0, 1, 0)
        1       unaPersonaPorTarea(t1)
      -20       z_def2(carlos,t1)
      -20       z_def3(carlos,t1)

x(carlos,t2)
                (.LO, .L, .UP, .M = 0, 0, 1, 0)
        1       unaPersonaPorTarea(t2)
      -20       z_def2(carlos,t2)
      -20       z_def3(carlos,t2)

x(carlos,t3)
                (.LO, .L, .UP, .M = 0, 0, 1, 0)
        1       unaPersonaPorTarea(t3)
      -20       z_def2(carlos,t3)
      -20       z_def3(carlos,t3)

REMAINING 57 ENTRIES SKIPPED

---- carga  

carga(carlos)
                (.LO, .L, .UP, .M = 0, 0, +INF, 0)
        1       cargaPersona(carlos)
        1       cargaMinima(carlos)

carga(ana)
                (.LO, .L, .UP, .M = 0, 0, +INF, 0)
        1       cargaPersona(ana)
        1       cargaMinima(ana)

carga(luis)
                (.LO, .L, .UP, .M = 0, 0, +INF, 0)
        1       cargaPersona(luis)
        1       cargaMinima(luis)

REMAINING 2 ENTRIES SKIPPED

---- pt  peso fijo de la tarea t

pt(t1)
                (.LO, .L, .UP, .M = 0, 0, +INF, 0)
        1       cargaMinEquipo
        1       cargaMaxEquipo
        1       definicionPesoTarea(t1)
       -1       z_def1(carlos,t1)
       -1       z_def1(ana,t1)
       -1       z_def1(luis,t1)
       -1       z_def1(sofia,t1)
       -1       z_def1(denis,t1)
       -1       z_def3(carlos,t1)
       -1       z_def3(ana,t1)
       -1       z_def3(luis,t1)
       -1       z_def3(sofia,t1)
       -1       z_def3(denis,t1)

pt(t2)
                (.LO, .L, .UP, .M = 0, 0, +INF, 0)
        1       cargaMinEquipo
        1       cargaMaxEquipo
        1       definicionPesoTarea(t2)
       -1       z_def1(carlos,t2)
       -1       z_def1(ana,t2)
       -1       z_def1(luis,t2)
       -1       z_def1(sofia,t2)
       -1       z_def1(denis,t2)
       -1       z_def3(carlos,t2)
       -1       z_def3(ana,t2)
       -1       z_def3(luis,t2)
       -1       z_def3(sofia,t2)
       -1       z_def3(denis,t2)

pt(t3)
                (.LO, .L, .UP, .M = 0, 0, +INF, 0)
        1       cargaMinEquipo
        1       cargaMaxEquipo
        1       definicionPesoTarea(t3)
       -1       z_def1(carlos,t3)
       -1       z_def1(ana,t3)
       -1       z_def1(luis,t3)
       -1       z_def1(sofia,t3)
       -1       z_def1(denis,t3)
       -1       z_def3(carlos,t3)
       -1       z_def3(ana,t3)
       -1       z_def3(luis,t3)
       -1       z_def3(sofia,t3)
       -1       z_def3(denis,t3)

REMAINING 9 ENTRIES SKIPPED

---- z  

z(carlos,t1)
                (.LO, .L, .UP, .M = 0, 0, +INF, 0)
       -1       objetivo
       -1       cargaPersona(carlos)
        1       z_def1(carlos,t1)
        1       z_def2(carlos,t1)
        1       z_def3(carlos,t1)

z(carlos,t2)
                (.LO, .L, .UP, .M = 0, 0, +INF, 0)
       -1       objetivo
       -1       cargaPersona(carlos)
        1       z_def1(carlos,t2)
        1       z_def2(carlos,t2)
        1       z_def3(carlos,t2)

z(carlos,t3)
                (.LO, .L, .UP, .M = 0, 0, +INF, 0)
       -1       objetivo
       -1       cargaPersona(carlos)
        1       z_def1(carlos,t3)
        1       z_def2(carlos,t3)
        1       z_def3(carlos,t3)

REMAINING 57 ENTRIES SKIPPED

---- obj  

obj
                (.LO, .L, .UP, .M = -INF, 0, +INF, 0)
        1       objetivo

GAMS 50.1.0  12b75dde Jun 18, 2025          WEX-WEI x86 64bit/MS Windows - 08/09/25 18:12:23 Page 4
G e n e r a l   A l g e b r a i c   M o d e l i n g   S y s t e m
Range Statistics    SOLVE asignacionScrum Using MIP From line 85


RANGE STATISTICS (ABSOLUTE NON-ZERO FINITE VALUES)

RHS       [min, max] : [ 1.000E+00, 9.600E+01] - Zero values observed as well
Bound     [min, max] : [ 1.000E+00, 1.000E+00] - Zero values observed as well
Matrix    [min, max] : [ 1.000E+00, 2.000E+01]

GAMS 50.1.0  12b75dde Jun 18, 2025          WEX-WEI x86 64bit/MS Windows - 08/09/25 18:12:23 Page 5
G e n e r a l   A l g e b r a i c   M o d e l i n g   S y s t e m
Model Statistics    SOLVE asignacionScrum Using MIP From line 85


MODEL STATISTICS

BLOCKS OF EQUATIONS          10     SINGLE EQUATIONS          217
BLOCKS OF VARIABLES           5     SINGLE VARIABLES          138
NON ZERO ELEMENTS           647     DISCRETE VARIABLES         60


GENERATION TIME      =        0.016 SECONDS      4 MB  50.1.0 12b75dde WEX-WEI
GAMS 50.1.0  12b75dde Jun 18, 2025          WEX-WEI x86 64bit/MS Windows - 08/09/25 18:12:23 Page 6
G e n e r a l   A l g e b r a i c   M o d e l i n g   S y s t e m
Solution Report     SOLVE asignacionScrum Using MIP From line 85


               S O L V E      S U M M A R Y

     MODEL   asignacionScrum     OBJECTIVE  obj
     TYPE    MIP                 DIRECTION  MAXIMIZE
     SOLVER  CPLEX               FROM LINE  85

**** SOLVER STATUS     1 Normal Completion
**** MODEL STATUS      1 Optimal
**** OBJECTIVE VALUE               96.0000

 RESOURCE USAGE, LIMIT          0.016 10000000000.000
 ITERATION COUNT, LIMIT         1    2147483647
*** This solver runs with a demo license. No commercial use.
--- GMO setup time: 0.00s
--- GMO memory 0.54 Mb (peak 0.54 Mb)
--- Dictionary memory 0.00 Mb
--- Cplex 22.1.2.0 link memory 0.01 Mb (peak 0.02 Mb)
--- Starting Cplex


--- MIP status (101): integer optimal solution.
--- Cplex Time: 0.02sec (det. 0.64 ticks)

--- Returning a primal only solution to GAMS (marginals all set to NA).
--- Fixing integer variables and solving final LP...


--- Fixed MIP status (1): optimal.
--- Cplex Time: 0.00sec (det. 0.17 ticks)


Proven optimal solution
MIP Solution:           96.000000    (1 iterations, 0 nodes)
Final Solve:            96.000000    (0 iterations)

Best possible:          96.000000
Absolute gap:            0.000000
Relative gap:            0.000000


                           LOWER          LEVEL          UPPER         MARGINAL

---- EQU objetivo            .              .              .             1.0000      

---- EQU unaPersonaPorTarea  

           LOWER          LEVEL          UPPER         MARGINAL

t1          1.0000         1.0000         1.0000          .          
t2          1.0000         1.0000         1.0000          .          
t3          1.0000         1.0000         1.0000          .          
t4          1.0000         1.0000         1.0000          .          
t5          1.0000         1.0000         1.0000          .          
t6          1.0000         1.0000         1.0000          .          
t7          1.0000         1.0000         1.0000          .          
t8          1.0000         1.0000         1.0000          .          
t9          1.0000         1.0000         1.0000          .          
t10         1.0000         1.0000         1.0000          .          
t11         1.0000         1.0000         1.0000          .          
t12         1.0000         1.0000         1.0000          .          

---- EQU cargaPersona  

              LOWER          LEVEL          UPPER         MARGINAL

carlos          .              .              .             EPS         
ana             .              .              .              .          
luis            .              .              .             EPS         
sofia           .              .              .             EPS         
denis           .              .              .             EPS         

---- EQU cargaMinima  

              LOWER          LEVEL          UPPER         MARGINAL

carlos        18.0000        21.0000        +INF             .          
ana           13.0000        13.0000        +INF            EPS         
luis          13.0000        21.0000        +INF             .          
sofia         18.0000        21.0000        +INF             .          
denis         18.0000        20.0000        +INF             .          

                           LOWER          LEVEL          UPPER         MARGINAL

---- EQU cargaMinE~        80.0000        96.0000        +INF             .          
---- EQU cargaMaxE~        -INF           96.0000        96.0000          .          

---- EQU definicionPesoTarea  

           LOWER          LEVEL          UPPER         MARGINAL

t1         13.0000        13.0000        13.0000         1.0000      
t2          8.0000         8.0000         8.0000         1.0000      
t3         13.0000        13.0000        13.0000         1.0000      
t4          8.0000         8.0000         8.0000         1.0000      
t5         13.0000        13.0000        13.0000         1.0000      
t6          5.0000         5.0000         5.0000         1.0000      
t7          8.0000         8.0000         8.0000         1.0000      
t8          8.0000         8.0000         8.0000         1.0000      
t9         13.0000        13.0000        13.0000         1.0000      
t10         3.0000         3.0000         3.0000         1.0000      
t11         2.0000         2.0000         2.0000         1.0000      
t12         2.0000         2.0000         2.0000         1.0000      

---- EQU z_def1  

                  LOWER          LEVEL          UPPER         MARGINAL

carlos.t1         -INF             .              .             1.0000      
carlos.t2         -INF             .              .             1.0000      
carlos.t3         -INF          -13.0000          .              .          
carlos.t4         -INF           -8.0000          .              .          
carlos.t5         -INF          -13.0000          .              .          
carlos.t6         -INF           -5.0000          .              .          
carlos.t7         -INF           -8.0000          .              .          
carlos.t8         -INF           -8.0000          .              .          
carlos.t9         -INF          -13.0000          .              .          
carlos.t10        -INF           -3.0000          .              .          
carlos.t11        -INF           -2.0000          .              .          
carlos.t12        -INF           -2.0000          .              .          
ana   .t1         -INF          -13.0000          .              .          
ana   .t2         -INF           -8.0000          .              .          
ana   .t3         -INF             .              .             1.0000      
ana   .t4         -INF           -8.0000          .              .          
ana   .t5         -INF          -13.0000          .              .          
ana   .t6         -INF           -5.0000          .              .          
ana   .t7         -INF           -8.0000          .              .          
ana   .t8         -INF           -8.0000          .              .          
ana   .t9         -INF          -13.0000          .              .          
ana   .t10        -INF           -3.0000          .              .          
ana   .t11        -INF           -2.0000          .              .          
ana   .t12        -INF           -2.0000          .              .          
luis  .t1         -INF          -13.0000          .              .          
luis  .t2         -INF           -8.0000          .              .          
luis  .t3         -INF          -13.0000          .              .          
luis  .t4         -INF             .              .             1.0000      
luis  .t5         -INF             .              .             1.0000      
luis  .t6         -INF           -5.0000          .              .          
luis  .t7         -INF           -8.0000          .              .          
luis  .t8         -INF           -8.0000          .              .          
luis  .t9         -INF          -13.0000          .              .          
luis  .t10        -INF           -3.0000          .              .          
luis  .t11        -INF           -2.0000          .              .          
luis  .t12        -INF           -2.0000          .              .          
sofia .t1         -INF          -13.0000          .              .          
sofia .t2         -INF           -8.0000          .              .          
sofia .t3         -INF          -13.0000          .              .          
sofia .t4         -INF           -8.0000          .              .          
sofia .t5         -INF          -13.0000          .              .          
sofia .t6         -INF             .              .             1.0000      
sofia .t7         -INF             .              .             1.0000      
sofia .t8         -INF             .              .             1.0000      
sofia .t9         -INF          -13.0000          .              .          
sofia .t10        -INF           -3.0000          .              .          
sofia .t11        -INF           -2.0000          .              .          
sofia .t12        -INF           -2.0000          .              .          
denis .t1         -INF          -13.0000          .              .          
denis .t2         -INF           -8.0000          .              .          
denis .t3         -INF          -13.0000          .              .          
denis .t4         -INF           -8.0000          .              .          
denis .t5         -INF          -13.0000          .              .          
denis .t6         -INF           -5.0000          .              .          
denis .t7         -INF           -8.0000          .              .          
denis .t8         -INF           -8.0000          .              .          
denis .t9         -INF             .              .             1.0000      
denis .t10        -INF             .              .             1.0000      
denis .t11        -INF             .              .             1.0000      
denis .t12        -INF             .              .             1.0000      

---- EQU z_def2  

                  LOWER          LEVEL          UPPER         MARGINAL

carlos.t1         -INF           -7.0000          .              .          
carlos.t2         -INF          -12.0000          .              .          
carlos.t3         -INF             .              .             1.0000      
carlos.t4         -INF             .              .             1.0000      
carlos.t5         -INF             .              .             1.0000      
carlos.t6         -INF             .              .             1.0000      
carlos.t7         -INF             .              .             1.0000      
carlos.t8         -INF             .              .             1.0000      
carlos.t9         -INF             .              .             1.0000      
carlos.t10        -INF             .              .             1.0000      
carlos.t11        -INF             .              .             1.0000      
carlos.t12        -INF             .              .             1.0000      
ana   .t1         -INF             .              .             1.0000      
ana   .t2         -INF             .              .             1.0000      
ana   .t3         -INF           -7.0000          .              .          
ana   .t4         -INF             .              .             1.0000      
ana   .t5         -INF             .              .             1.0000      
ana   .t6         -INF             .              .             1.0000      
ana   .t7         -INF             .              .             1.0000      
ana   .t8         -INF             .              .             1.0000      
ana   .t9         -INF             .              .             1.0000      
ana   .t10        -INF             .              .             1.0000      
ana   .t11        -INF             .              .             1.0000      
ana   .t12        -INF             .              .             1.0000      
luis  .t1         -INF             .              .             1.0000      
luis  .t2         -INF             .              .             1.0000      
luis  .t3         -INF             .              .             1.0000      
luis  .t4         -INF          -12.0000          .              .          
luis  .t5         -INF           -7.0000          .              .          
luis  .t6         -INF             .              .             1.0000      
luis  .t7         -INF             .              .             1.0000      
luis  .t8         -INF             .              .             1.0000      
luis  .t9         -INF             .              .             1.0000      
luis  .t10        -INF             .              .             1.0000      
luis  .t11        -INF             .              .             1.0000      
luis  .t12        -INF             .              .             1.0000      
sofia .t1         -INF             .              .             1.0000      
sofia .t2         -INF             .              .             1.0000      
sofia .t3         -INF             .              .             1.0000      
sofia .t4         -INF             .              .             1.0000      
sofia .t5         -INF             .              .             1.0000      
sofia .t6         -INF          -15.0000          .              .          
sofia .t7         -INF          -12.0000          .              .          
sofia .t8         -INF          -12.0000          .              .          
sofia .t9         -INF             .              .             1.0000      
sofia .t10        -INF             .              .             1.0000      
sofia .t11        -INF             .              .             1.0000      
sofia .t12        -INF             .              .             1.0000      
denis .t1         -INF             .              .             1.0000      
denis .t2         -INF             .              .             1.0000      
denis .t3         -INF             .              .             1.0000      
denis .t4         -INF             .              .             1.0000      
denis .t5         -INF             .              .             1.0000      
denis .t6         -INF             .              .             1.0000      
denis .t7         -INF             .              .             1.0000      
denis .t8         -INF             .              .             1.0000      
denis .t9         -INF           -7.0000          .              .          
denis .t10        -INF          -17.0000          .              .          
denis .t11        -INF          -18.0000          .              .          
denis .t12        -INF          -18.0000          .              .          

---- EQU z_def3  

                  LOWER          LEVEL          UPPER         MARGINAL

carlos.t1        -20.0000       -20.0000        +INF             .          
carlos.t2        -20.0000       -20.0000        +INF             .          
carlos.t3        -20.0000       -13.0000        +INF             .          
carlos.t4        -20.0000        -8.0000        +INF             .          
carlos.t5        -20.0000       -13.0000        +INF             .          
carlos.t6        -20.0000        -5.0000        +INF             .          
carlos.t7        -20.0000        -8.0000        +INF             .          
carlos.t8        -20.0000        -8.0000        +INF             .          
carlos.t9        -20.0000       -13.0000        +INF             .          
carlos.t10       -20.0000        -3.0000        +INF             .          
carlos.t11       -20.0000        -2.0000        +INF             .          
carlos.t12       -20.0000        -2.0000        +INF             .          
ana   .t1        -20.0000       -13.0000        +INF             .          
ana   .t2        -20.0000        -8.0000        +INF             .          
ana   .t3        -20.0000       -20.0000        +INF             .          
ana   .t4        -20.0000        -8.0000        +INF             .          
ana   .t5        -20.0000       -13.0000        +INF             .          
ana   .t6        -20.0000        -5.0000        +INF             .          
ana   .t7        -20.0000        -8.0000        +INF             .          
ana   .t8        -20.0000        -8.0000        +INF             .          
ana   .t9        -20.0000       -13.0000        +INF             .          
ana   .t10       -20.0000        -3.0000        +INF             .          
ana   .t11       -20.0000        -2.0000        +INF             .          
ana   .t12       -20.0000        -2.0000        +INF             .          
luis  .t1        -20.0000       -13.0000        +INF             .          
luis  .t2        -20.0000        -8.0000        +INF             .          
luis  .t3        -20.0000       -13.0000        +INF             .          
luis  .t4        -20.0000       -20.0000        +INF             .          
luis  .t5        -20.0000       -20.0000        +INF             .          
luis  .t6        -20.0000        -5.0000        +INF             .          
luis  .t7        -20.0000        -8.0000        +INF             .          
luis  .t8        -20.0000        -8.0000        +INF             .          
luis  .t9        -20.0000       -13.0000        +INF             .          
luis  .t10       -20.0000        -3.0000        +INF             .          
luis  .t11       -20.0000        -2.0000        +INF             .          
luis  .t12       -20.0000        -2.0000        +INF             .          
sofia .t1        -20.0000       -13.0000        +INF             .          
sofia .t2        -20.0000        -8.0000        +INF             .          
sofia .t3        -20.0000       -13.0000        +INF             .          
sofia .t4        -20.0000        -8.0000        +INF             .          
sofia .t5        -20.0000       -13.0000        +INF             .          
sofia .t6        -20.0000       -20.0000        +INF             .          
sofia .t7        -20.0000       -20.0000        +INF             .          
sofia .t8        -20.0000       -20.0000        +INF             .          
sofia .t9        -20.0000       -13.0000        +INF             .          
sofia .t10       -20.0000        -3.0000        +INF             .          
sofia .t11       -20.0000        -2.0000        +INF             .          
sofia .t12       -20.0000        -2.0000        +INF             .          
denis .t1        -20.0000       -13.0000        +INF             .          
denis .t2        -20.0000        -8.0000        +INF             .          
denis .t3        -20.0000       -13.0000        +INF             .          
denis .t4        -20.0000        -8.0000        +INF             .          
denis .t5        -20.0000       -13.0000        +INF             .          
denis .t6        -20.0000        -5.0000        +INF             .          
denis .t7        -20.0000        -8.0000        +INF             .          
denis .t8        -20.0000        -8.0000        +INF             .          
denis .t9        -20.0000       -20.0000        +INF             .          
denis .t10       -20.0000       -20.0000        +INF             .          
denis .t11       -20.0000       -20.0000        +INF             .          
denis .t12       -20.0000       -20.0000        +INF             .          

---- VAR x  

                  LOWER          LEVEL          UPPER         MARGINAL

carlos.t1           .             1.0000         1.0000         EPS         
carlos.t2           .             1.0000         1.0000         EPS         
carlos.t3           .              .             1.0000        20.0000      
carlos.t4           .              .             1.0000        20.0000      
carlos.t5           .              .             1.0000        20.0000      
carlos.t6           .              .             1.0000        20.0000      
carlos.t7           .              .             1.0000        20.0000      
carlos.t8           .              .             1.0000        20.0000      
carlos.t9           .              .             1.0000        20.0000      
carlos.t10          .              .             1.0000        20.0000      
carlos.t11          .              .             1.0000        20.0000      
carlos.t12          .              .             1.0000        20.0000      
ana   .t1           .              .             1.0000        20.0000      
ana   .t2           .              .             1.0000        20.0000      
ana   .t3           .             1.0000         1.0000         EPS         
ana   .t4           .              .             1.0000        20.0000      
ana   .t5           .              .             1.0000        20.0000      
ana   .t6           .              .             1.0000        20.0000      
ana   .t7           .              .             1.0000        20.0000      
ana   .t8           .              .             1.0000        20.0000      
ana   .t9           .              .             1.0000        20.0000      
ana   .t10          .              .             1.0000        20.0000      
ana   .t11          .              .             1.0000        20.0000      
ana   .t12          .              .             1.0000        20.0000      
luis  .t1           .              .             1.0000        20.0000      
luis  .t2           .              .             1.0000        20.0000      
luis  .t3           .              .             1.0000        20.0000      
luis  .t4           .             1.0000         1.0000         EPS         
luis  .t5           .             1.0000         1.0000         EPS         
luis  .t6           .              .             1.0000        20.0000      
luis  .t7           .              .             1.0000        20.0000      
luis  .t8           .              .             1.0000        20.0000      
luis  .t9           .              .             1.0000        20.0000      
luis  .t10          .              .             1.0000        20.0000      
luis  .t11          .              .             1.0000        20.0000      
luis  .t12          .              .             1.0000        20.0000      
sofia .t1           .              .             1.0000        20.0000      
sofia .t2           .              .             1.0000        20.0000      
sofia .t3           .              .             1.0000        20.0000      
sofia .t4           .              .             1.0000        20.0000      
sofia .t5           .              .             1.0000        20.0000      
sofia .t6           .             1.0000         1.0000         EPS         
sofia .t7           .             1.0000         1.0000         EPS         
sofia .t8           .             1.0000         1.0000         EPS         
sofia .t9           .              .             1.0000        20.0000      
sofia .t10          .              .             1.0000        20.0000      
sofia .t11          .              .             1.0000        20.0000      
sofia .t12          .              .             1.0000        20.0000      
denis .t1           .              .             1.0000        20.0000      
denis .t2           .              .             1.0000        20.0000      
denis .t3           .              .             1.0000        20.0000      
denis .t4           .              .             1.0000        20.0000      
denis .t5           .              .             1.0000        20.0000      
denis .t6           .              .             1.0000        20.0000      
denis .t7           .              .             1.0000        20.0000      
denis .t8           .              .             1.0000        20.0000      
denis .t9           .             1.0000         1.0000         EPS         
denis .t10          .             1.0000         1.0000         EPS         
denis .t11          .             1.0000         1.0000         EPS         
denis .t12          .             1.0000         1.0000         EPS         

---- VAR carga  

              LOWER          LEVEL          UPPER         MARGINAL

carlos          .            21.0000        +INF             .          
ana             .            13.0000        +INF             .          
luis            .            21.0000        +INF             .          
sofia           .            21.0000        +INF             .          
denis           .            20.0000        +INF             .          

---- VAR pt  peso fijo de la tarea t

           LOWER          LEVEL          UPPER         MARGINAL

t1           .            13.0000        +INF             .          
t2           .             8.0000        +INF             .          
t3           .            13.0000        +INF             .          
t4           .             8.0000        +INF             .          
t5           .            13.0000        +INF             .          
t6           .             5.0000        +INF             .          
t7           .             8.0000        +INF             .          
t8           .             8.0000        +INF             .          
t9           .            13.0000        +INF             .          
t10          .             3.0000        +INF             .          
t11          .             2.0000        +INF             .          
t12          .             2.0000        +INF             .          

---- VAR z  

                  LOWER          LEVEL          UPPER         MARGINAL

carlos.t1           .            13.0000        +INF             .          
carlos.t2           .             8.0000        +INF             .          
carlos.t3           .              .            +INF             .          
carlos.t4           .              .            +INF             .          
carlos.t5           .              .            +INF             .          
carlos.t6           .              .            +INF             .          
carlos.t7           .              .            +INF             .          
carlos.t8           .              .            +INF             .          
carlos.t9           .              .            +INF             .          
carlos.t10          .              .            +INF             .          
carlos.t11          .              .            +INF             .          
carlos.t12          .              .            +INF             .          
ana   .t1           .              .            +INF             .          
ana   .t2           .              .            +INF             .          
ana   .t3           .            13.0000        +INF             .          
ana   .t4           .              .            +INF             .          
ana   .t5           .              .            +INF             .          
ana   .t6           .              .            +INF             .          
ana   .t7           .              .            +INF             .          
ana   .t8           .              .            +INF             .          
ana   .t9           .              .            +INF             .          
ana   .t10          .              .            +INF             .          
ana   .t11          .              .            +INF             .          
ana   .t12          .              .            +INF             .          
luis  .t1           .              .            +INF             .          
luis  .t2           .              .            +INF             .          
luis  .t3           .              .            +INF             .          
luis  .t4           .             8.0000        +INF             .          
luis  .t5           .            13.0000        +INF             .          
luis  .t6           .              .            +INF             .          
luis  .t7           .              .            +INF             .          
luis  .t8           .              .            +INF             .          
luis  .t9           .              .            +INF             .          
luis  .t10          .              .            +INF             .          
luis  .t11          .              .            +INF             .          
luis  .t12          .              .            +INF             .          
sofia .t1           .              .            +INF             .          
sofia .t2           .              .            +INF             .          
sofia .t3           .              .            +INF             .          
sofia .t4           .              .            +INF             .          
sofia .t5           .              .            +INF             .          
sofia .t6           .             5.0000        +INF             .          
sofia .t7           .             8.0000        +INF             .          
sofia .t8           .             8.0000        +INF             .          
sofia .t9           .              .            +INF             .          
sofia .t10          .              .            +INF             .          
sofia .t11          .              .            +INF             .          
sofia .t12          .              .            +INF             .          
denis .t1           .              .            +INF             .          
denis .t2           .              .            +INF             .          
denis .t3           .              .            +INF             .          
denis .t4           .              .            +INF             .          
denis .t5           .              .            +INF             .          
denis .t6           .              .            +INF             .          
denis .t7           .              .            +INF             .          
denis .t8           .              .            +INF             .          
denis .t9           .            13.0000        +INF             .          
denis .t10          .             3.0000        +INF             .          
denis .t11          .             2.0000        +INF             .          
denis .t12          .             2.0000        +INF             .          

                           LOWER          LEVEL          UPPER         MARGINAL

---- VAR obj               -INF           96.0000        +INF             .          


**** REPORT SUMMARY :        0     NONOPT
                             0 INFEASIBLE
                             0  UNBOUNDED
GAMS 50.1.0  12b75dde Jun 18, 2025          WEX-WEI x86 64bit/MS Windows - 08/09/25 18:12:23 Page 7
G e n e r a l   A l g e b r a i c   M o d e l i n g   S y s t e m
E x e c u t i o n


----     87 VARIABLE x.L  

                t1          t2          t3          t4          t5          t6          t7          t8          t9         t10         t11         t12

carlos       1.000       1.000
ana                                  1.000
luis                                             1.000       1.000
sofia                                                                    1.000       1.000       1.000
denis                                                                                                        1.000       1.000       1.000       1.000


----     87 VARIABLE carga.L  

carlos 21.000,    ana    13.000,    luis   21.000,    sofia  21.000,    denis  20.000


----     87 VARIABLE pt.L  peso fijo de la tarea t

t1  13.000,    t2   8.000,    t3  13.000,    t4   8.000,    t5  13.000,    t6   5.000,    t7   8.000,    t8   8.000,    t9  13.000,    t10  3.000,    t11  2.000,    t12  2.000


----     87 VARIABLE z.L  

                t1          t2          t3          t4          t5          t6          t7          t8          t9         t10         t11         t12

carlos      13.000       8.000
ana                                 13.000
luis                                             8.000      13.000
sofia                                                                    5.000       8.000       8.000
denis                                                                                                       13.000       3.000       2.000       2.000


----     87 VARIABLE obj.L                 =       96.000  

**** REPORT FILE SUMMARY

tabla C:\Users\Denis\Desktop\PROGRA MATE I\Ivan\Proyecto\Proyecto GAMS\distribucion.txt


EXECUTION TIME       =        0.047 SECONDS      5 MB  50.1.0 12b75dde WEX-WEI


USER: GAMS Demo, for EULA and demo limitations see   G250531/0001CB-GEN
      https://www.gams.com/latest/docs/UG%5FLicense.html         DC0000


**** FILE SUMMARY

Input      C:\Users\Denis\Desktop\PROGRA MATE I\Ivan\Proyecto\Proyecto GAMS\Experimento 2A.gms
Output     C:\Users\Denis\Desktop\PROGRA MATE I\Ivan\Proyecto\Proyecto GAMS\Experimento 2A.lst
